# GENERATED BY: test/hosted/fail_gracefully_on_bad_version_listing_response_test.dart

## Section 0
$ pub get
Resolving dependencies...
[STDERR] Because myapp depends on foo any which doesn't exist (authorization failed), version solving failed.
[STDERR] 
[STDERR] Insufficient permissions to the resource at the http://localhost:$PORT package repository.
[STDERR] You can modify credentials using:
[STDERR]     dart pub token add http://localhost:$PORT
[STDERR] <message>
[EXIT CODE] 69

