# GENERATED BY: test/outdated/outdated_test.dart

## Section 0
$ pub outdated --json
{
  "packages": [
    {
      "package": "foo",
      "kind": "direct",
      "isDiscontinued": false,
      "current": {
        "version": "1.0.0-dev.1"
      },
      "upgradable": {
        "version": "1.0.0-dev.1"
      },
      "resolvable": {
        "version": "1.0.0-dev.2"
      },
      "latest": {
        "version": "1.0.0-dev.2"
      }
    },
    {
      "package": "mop",
      "kind": "direct",
      "isDiscontinued": false,
      "current": {
        "version": "0.10.0-dev"
      },
      "upgradable": {
        "version": "0.10.0-dev"
      },
      "resolvable": {
        "version": "0.10.0"
      },
      "latest": {
        "version": "0.10.0"
      }
    }
  ]
}

-------------------------------- END OF OUTPUT ---------------------------------

## Section 1
$ pub outdated --no-color
Showing outdated packages.
[*] indicates versions that are not the latest available.

Package Name  Current       Upgradable    Resolvable   Latest       

direct dependencies:
foo           *1.0.0-dev.1  *1.0.0-dev.1  1.0.0-dev.2  1.0.0-dev.2  
mop           *0.10.0-dev   *0.10.0-dev   0.10.0       0.10.0       

2  dependencies are constrained to versions that are older than a resolvable version.
To update these dependencies, edit pubspec.yaml, or run `dart pub upgrade --major-versions`.

-------------------------------- END OF OUTPUT ---------------------------------

## Section 2
$ pub outdated --no-color --no-transitive
Showing outdated packages.
[*] indicates versions that are not the latest available.

Package Name  Current       Upgradable    Resolvable   Latest       

direct dependencies:
foo           *1.0.0-dev.1  *1.0.0-dev.1  1.0.0-dev.2  1.0.0-dev.2  
mop           *0.10.0-dev   *0.10.0-dev   0.10.0       0.10.0       

2  dependencies are constrained to versions that are older than a resolvable version.
To update these dependencies, edit pubspec.yaml, or run `dart pub upgrade --major-versions`.

-------------------------------- END OF OUTPUT ---------------------------------

## Section 3
$ pub outdated --no-color --up-to-date
Showing outdated packages.
[*] indicates versions that are not the latest available.

Package Name  Current       Upgradable    Resolvable   Latest       

direct dependencies:
bar           0.9.0         0.9.0         0.9.0        0.9.0        
foo           *1.0.0-dev.1  *1.0.0-dev.1  1.0.0-dev.2  1.0.0-dev.2  
mop           *0.10.0-dev   *0.10.0-dev   0.10.0       0.10.0       

2  dependencies are constrained to versions that are older than a resolvable version.
To update these dependencies, edit pubspec.yaml, or run `dart pub upgrade --major-versions`.

-------------------------------- END OF OUTPUT ---------------------------------

## Section 4
$ pub outdated --no-color --prereleases
Showing outdated packages.
[*] indicates versions that are not the latest available.

Package Name  Current       Upgradable    Resolvable   Latest       

direct dependencies:
bar           *0.9.0        *0.9.0        *0.9.0       1.0.0-dev.2  
foo           *1.0.0-dev.1  *1.0.0-dev.1  1.0.0-dev.2  1.0.0-dev.2  
mop           *0.10.0-dev   *0.10.0-dev   *0.10.0      1.0.0-dev    

2  dependencies are constrained to versions that are older than a resolvable version.
To update these dependencies, edit pubspec.yaml, or run `dart pub upgrade --major-versions`.

-------------------------------- END OF OUTPUT ---------------------------------

## Section 5
$ pub outdated --no-color --no-dev-dependencies
Showing outdated packages.
[*] indicates versions that are not the latest available.

Package Name  Current       Upgradable    Resolvable   Latest       

direct dependencies:
foo           *1.0.0-dev.1  *1.0.0-dev.1  1.0.0-dev.2  1.0.0-dev.2  
mop           *0.10.0-dev   *0.10.0-dev   0.10.0       0.10.0       

2  dependencies are constrained to versions that are older than a resolvable version.
To update these dependencies, edit pubspec.yaml, or run `dart pub upgrade --major-versions`.

-------------------------------- END OF OUTPUT ---------------------------------

## Section 6
$ pub outdated --no-color --no-dependency-overrides
Showing outdated packages.
[*] indicates versions that are not the latest available.

Package Name  Current       Upgradable    Resolvable   Latest       

direct dependencies:
foo           *1.0.0-dev.1  *1.0.0-dev.1  1.0.0-dev.2  1.0.0-dev.2  
mop           *0.10.0-dev   *0.10.0-dev   0.10.0       0.10.0       

2  dependencies are constrained to versions that are older than a resolvable version.
To update these dependencies, edit pubspec.yaml, or run `dart pub upgrade --major-versions`.

-------------------------------- END OF OUTPUT ---------------------------------

## Section 7
$ pub outdated --json --no-dev-dependencies
{
  "packages": [
    {
      "package": "foo",
      "kind": "direct",
      "isDiscontinued": false,
      "current": {
        "version": "1.0.0-dev.1"
      },
      "upgradable": {
        "version": "1.0.0-dev.1"
      },
      "resolvable": {
        "version": "1.0.0-dev.2"
      },
      "latest": {
        "version": "1.0.0-dev.2"
      }
    },
    {
      "package": "mop",
      "kind": "direct",
      "isDiscontinued": false,
      "current": {
        "version": "0.10.0-dev"
      },
      "upgradable": {
        "version": "0.10.0-dev"
      },
      "resolvable": {
        "version": "0.10.0"
      },
      "latest": {
        "version": "0.10.0"
      }
    }
  ]
}

