# GENERATED BY: test/outdated/outdated_test.dart

## Section 0
$ pub outdated --json
{
  "packages": [
    {
      "package": "dep",
      "kind": "direct",
      "isDiscontinued": false,
      "isCurrentRetracted": false,
      "isCurrentAffectedByAdvisory": false,
      "current": {
        "version": "0.8.0"
      },
      "upgradable": {
        "version": "0.8.0",
        "overridden": true
      },
      "resolvable": {
        "version": "0.8.0",
        "overridden": true
      },
      "latest": {
        "version": "1.0.0"
      }
    },
    {
      "package": "dep_a",
      "kind": "direct",
      "isDiscontinued": false,
      "isCurrentRetracted": false,
      "isCurrentAffectedByAdvisory": false,
      "current": {
        "version": "0.9.0"
      },
      "upgradable": {
        "version": "0.9.5"
      },
      "resolvable": {
        "version": "1.0.0"
      },
      "latest": {
        "version": "1.0.0"
      }
    },
    {
      "package": "dev_dep_a",
      "kind": "dev",
      "isDiscontinued": false,
      "isCurrentRetracted": false,
      "isCurrentAffectedByAdvisory": false,
      "current": {
        "version": "0.9.0"
      },
      "upgradable": {
        "version": "0.9.5"
      },
      "resolvable": {
        "version": "1.0.0"
      },
      "latest": {
        "version": "1.0.0"
      }
    }
  ]
}

-------------------------------- END OF OUTPUT ---------------------------------

## Section 1
$ pub outdated --no-color
Showing outdated packages.
[*] indicates versions that are not the latest available.

Package Name  Current  Upgradable           Resolvable           Latest  

direct dependencies:
dep           *0.8.0   *0.8.0 (overridden)  *0.8.0 (overridden)  1.0.0   
dep_a         *0.9.0   *0.9.5               1.0.0                1.0.0   

dev_dependencies:
dev_dep_a     *0.9.0   *0.9.5               1.0.0                1.0.0   

2 upgradable dependencies are locked (in pubspec.lock) to older versions.
To update these dependencies, use `dart pub upgrade`.

2  dependencies are constrained to versions that are older than a resolvable version.
To update these dependencies, edit pubspec.yaml, or run `dart pub upgrade --major-versions`.

-------------------------------- END OF OUTPUT ---------------------------------

## Section 2
$ pub outdated --no-color --no-transitive
Showing outdated packages.
[*] indicates versions that are not the latest available.

Package Name  Current  Upgradable           Resolvable           Latest  

direct dependencies:
dep           *0.8.0   *0.8.0 (overridden)  *0.8.0 (overridden)  1.0.0   
dep_a         *0.9.0   *0.9.5               1.0.0                1.0.0   

dev_dependencies:
dev_dep_a     *0.9.0   *0.9.5               1.0.0                1.0.0   

2 upgradable dependencies are locked (in pubspec.lock) to older versions.
To update these dependencies, use `dart pub upgrade`.

2  dependencies are constrained to versions that are older than a resolvable version.
To update these dependencies, edit pubspec.yaml, or run `dart pub upgrade --major-versions`.

-------------------------------- END OF OUTPUT ---------------------------------

## Section 3
$ pub outdated --no-color --up-to-date
Showing outdated packages.
[*] indicates versions that are not the latest available.

Package Name  Current  Upgradable           Resolvable           Latest  

direct dependencies:
dep           *0.8.0   *0.8.0 (overridden)  *0.8.0 (overridden)  1.0.0   
dep_a         *0.9.0   *0.9.5               1.0.0                1.0.0   

dev_dependencies:
dev_dep_a     *0.9.0   *0.9.5               1.0.0                1.0.0   

2 upgradable dependencies are locked (in pubspec.lock) to older versions.
To update these dependencies, use `dart pub upgrade`.

2  dependencies are constrained to versions that are older than a resolvable version.
To update these dependencies, edit pubspec.yaml, or run `dart pub upgrade --major-versions`.

-------------------------------- END OF OUTPUT ---------------------------------

## Section 4
$ pub outdated --no-color --prereleases
Showing outdated packages.
[*] indicates versions that are not the latest available.

Package Name  Current  Upgradable           Resolvable           Latest  

direct dependencies:
dep           *0.8.0   *0.8.0 (overridden)  *0.8.0 (overridden)  1.0.0   
dep_a         *0.9.0   *0.9.5               1.0.0                1.0.0   

dev_dependencies:
dev_dep_a     *0.9.0   *0.9.5               1.0.0                1.0.0   

2 upgradable dependencies are locked (in pubspec.lock) to older versions.
To update these dependencies, use `dart pub upgrade`.

2  dependencies are constrained to versions that are older than a resolvable version.
To update these dependencies, edit pubspec.yaml, or run `dart pub upgrade --major-versions`.

-------------------------------- END OF OUTPUT ---------------------------------

## Section 5
$ pub outdated --no-color --no-dev-dependencies
Showing outdated packages.
[*] indicates versions that are not the latest available.

Package Name  Current  Upgradable           Resolvable           Latest  

direct dependencies:
dep           *0.8.0   *0.8.0 (overridden)  *0.8.0 (overridden)  1.0.0   
dep_a         *0.9.0   *0.9.5               1.0.0                1.0.0   

1 upgradable dependency is locked (in pubspec.lock) to an older version.
To update it, use `dart pub upgrade`.

1 dependency is constrained to a version that is older than a resolvable version.
To update it, edit pubspec.yaml, or run `dart pub upgrade --major-versions`.

-------------------------------- END OF OUTPUT ---------------------------------

## Section 6
$ pub outdated --no-color --no-dependency-overrides
Showing outdated packages.
[*] indicates versions that are not the latest available.

Package Name  Current  Upgradable  Resolvable  Latest  

direct dependencies:
dep           *0.8.0   *0.9.5      1.0.0       1.0.0   
dep_a         *0.9.0   *0.9.5      1.0.0       1.0.0   

dev_dependencies:
dev_dep_a     *0.9.0   *0.9.5      1.0.0       1.0.0   

3 upgradable dependencies are locked (in pubspec.lock) to older versions.
To update these dependencies, use `dart pub upgrade`.

3  dependencies are constrained to versions that are older than a resolvable version.
To update these dependencies, edit pubspec.yaml, or run `dart pub upgrade --major-versions`.

-------------------------------- END OF OUTPUT ---------------------------------

## Section 7
$ pub outdated --json --no-dev-dependencies
{
  "packages": [
    {
      "package": "dep",
      "kind": "direct",
      "isDiscontinued": false,
      "isCurrentRetracted": false,
      "isCurrentAffectedByAdvisory": false,
      "current": {
        "version": "0.8.0"
      },
      "upgradable": {
        "version": "0.8.0",
        "overridden": true
      },
      "resolvable": {
        "version": "0.8.0",
        "overridden": true
      },
      "latest": {
        "version": "1.0.0"
      }
    },
    {
      "package": "dep_a",
      "kind": "direct",
      "isDiscontinued": false,
      "isCurrentRetracted": false,
      "isCurrentAffectedByAdvisory": false,
      "current": {
        "version": "0.9.0"
      },
      "upgradable": {
        "version": "0.9.5"
      },
      "resolvable": {
        "version": "1.0.0"
      },
      "latest": {
        "version": "1.0.0"
      }
    }
  ]
}

