a: ' space around me '
c: 'hello world'
---
a: ' space around me '
b: " also spaced "
c: 'hello world'
---
a: ' space around me '
b: " also spaced "
c: 'hello world'
d: " "
---
"\ne": with newline
a: ' space around me '
b: " also spaced "
c: 'hello world'
d: " "
