~: null
false: false
No: No
true: true
---
~: tilde
false: false
No: No
true: true
---
~: tilde
false: false
No: No
true: true
---
~: tilde
false: false
No: no
true: true
---
~: tilde
false: false
No: no
true: true