# GENERATED BY: test/get/hosted/advisory_test.dart

## Section 0
$ pub get
Resolving dependencies...
Downloading packages...
+ foo 1.0.0 (affected by advisory: [^0])
+ no_advisory_pkg 1.0.0
Changed 2 dependencies!
Dependencies are affected by security advisories:
  [^0]: https://github.com/advisories/123
[STDERR] Warning: Unable to fetch advisories for "no_advisory_pkg" from "http://localhost:$PORT".

