# GENERATED BY: test/get/hosted/advisory_test.dart

## Section 0
$ pub get
Resolving dependencies...
+ baz 1.0.0
+ foo 1.2.3 (affected by advisory: [^0])
Changed 2 dependencies!
Dependencies are affected by security advisories:
  [^0]: https://github.com/advisories/123

