# GENERATED BY: test/get/hosted/advisory_test.dart

## Section 0
$ pub get
Resolving dependencies...
Downloading packages...
+ baz 1.0.0
+ foo 1.2.3 (affected by advisories: [^0], [^1])
Changed 2 dependencies!
Dependencies are affected by security advisories:
  [^0]: ABCD-1234-5678-9101
  [^1]: https://github.com/advisories/VXYZ-1234-5678-9101

