# GENERATED BY: test/help_test.dart

## Section 0
$ pub workspace --help
Work with the pub workspace.

Usage: pub workspace [arguments...]
-h, --help    Print this usage information.

Available subcommands:
  list   List all packages in the workspace, and their directory

Run "pub help" to see global options.

