# GENERATED BY: test/help_test.dart

## Section 0
$ pub version --help
Print pub version.

Usage: pub version
-h, --help    Print this usage information.

Run "pub help" to see global options.

