# GENERATED BY: test/help_test.dart

## Section 0
$ pub outdated --help
Analyze your dependencies to find which ones can be upgraded.

Usage: pub outdated [options]
-h, --help                         Print this usage information.
    --[no-]dependency-overrides    Show resolutions with `dependency_overrides`.
                                   (defaults to on)
    --[no-]dev-dependencies        Take dev dependencies into account.
                                   (defaults to on)
    --json                         Output the results using a json format.
    --[no-]prereleases             Include prereleases in latest version.
    --[no-]show-all                Include dependencies that are already fullfilling --mode.
    --[no-]transitive              Show transitive dependencies.
-C, --directory=<dir>              Run this in the directory <dir>.

Run "pub help" to see global options.
See https://dart.dev/tools/pub/cmd/pub-outdated for detailed documentation.

