# GENERATED BY: test/embedding/embedding_test.dart

$ tool/test-bin/pub_command_runner.dart pub cache add --help
Install a package.

Usage: pub_command_runner pub cache add <package> [--version <constraint>] [--all]
-h, --help   Print this usage information.
   --all   Install all matching versions.
-v, --version   Version constraint.

Run "pub_command_runner help" to see global options.
See https://dart.dev/tools/pub/cmd/pub-cache for detailed documentation.

