# GENERATED BY: test/embedding/embedding_test.dart

$ tool/test-bin/pub_command_runner.dart pub global deactivate --help
Remove a previously activated package.

Usage: pub_command_runner pub global deactivate <package>
-h, --help   Print this usage information.

Run "pub_command_runner help" to see global options.

