# GENERATED BY: test/embedding/embedding_test.dart

$ tool/test-bin/pub_command_runner.dart pub publish --help
Publish the current package to pub.dev.

Usage: pub_command_runner pub publish [options]
-h, --help   Print this usage information.
-n, --dry-run   Validate but do not publish the package.
-f, --force   Publish without confirmation if there are no errors.
   --skip-validation   Publish without validation and resolution (this will ignore errors).
-C, --directory=<dir>   Run this in the directory <dir>.

Run "pub_command_runner help" to see global options.
See https://dart.dev/tools/pub/cmd/pub-lish for detailed documentation.

