# GENERATED BY: test/embedding/embedding_test.dart

$ tool/test-bin/pub_command_runner.dart pub cache repair --help
Reinstall cached packages.

Usage: pub_command_runner pub cache repair <subcommand> [arguments...]
-h, --help   Print this usage information.

Run "pub_command_runner help" to see global options.
See https://dart.dev/tools/pub/cmd/pub-cache for detailed documentation.

