# GENERATED BY: test/embedding/embedding_test.dart

$ tool/test-bin/pub_command_runner.dart pub token list --help
List servers for which a token exists.

Usage: pub_command_runner pub token list <subcommand> [arguments...]
-h, --help   Print this usage information.

Run "pub_command_runner help" to see global options.
See https://dart.dev/tools/pub/cmd/pub-token for detailed documentation.

