# GENERATED BY: test/embedding/embedding_test.dart

$ tool/test-bin/pub_command_runner.dart pub global run --help
Run an executable from a globally activated package.

Usage: pub_command_runner pub global run <package>:<executable> [args...]
-h, --help   Print this usage information.
   --[no-]enable-asserts   Enable assert statements.
   --enable-experiment=<experiment>   Runs the executable in a VM with the given experiments enabled. (Will disable snapshotting, resulting in slower startup).

Run "pub_command_runner help" to see global options.

