# GENERATED BY: test/embedding/embedding_test.dart

$ tool/test-bin/pub_command_runner.dart pub get
Resolving dependencies...
Got dependencies!

-------------------------------- END OF OUTPUT ---------------------------------

$ tool/test-bin/pub_command_runner.dart pub run bin/main.dart
Hi

